== variants: dumping AIR ==
== variants: validating profiles and translating to Lean ==
⚠ [19/54] Replayed ZigLean.Mem.Enc
warning: ZigLean/Mem/Enc.lean:178:0: Definition `Zig.errorEnc` of class type is semireducible. Most type class instances should be instance-reducible, so consider marking this
definition with `@[instance_reducible]`. If it is intentionally semireducible, this warning can be disabled with `set_option warn.classDefReducibility false`.
warning: ZigLean/Mem/Enc.lean:189:0: Definition `Zig.optionalErrorEnc` of class type is semireducible. Most type class instances should be instance-reducible, so consider marking this
definition with `@[instance_reducible]`. If it is intentionally semireducible, this warning can be disabled with `set_option warn.classDefReducibility false`.
warning: ZigLean/Mem/Enc.lean:221:0: Definition `Zig.Enc.optionWith` of class type is semireducible. Most type class instances should be instance-reducible, so consider marking this
definition with `@[instance_reducible]`. If it is intentionally semireducible, this warning can be disabled with `set_option warn.classDefReducibility false`.
warning: ZigLean/Mem/Enc.lean:226:0: Definition `Zig.Enc.vectorWith` of class type is semireducible. Most type class instances should be instance-reducible, so consider marking this
definition with `@[instance_reducible]`. If it is intentionally semireducible, this warning can be disabled with `set_option warn.classDefReducibility false`.
warning: ZigLean/Mem/Enc.lean:257:0: Definition `Zig.Enc.errorUnionWith` of class type is semireducible. Most type class instances should be instance-reducible, so consider marking this
definition with `@[instance_reducible]`. If it is intentionally semireducible, this warning can be disabled with `set_option warn.classDefReducibility false`.
warning: ZigLean/Mem/Enc.lean:262:0: Definition `Zig.errorUnionEnc` of class type is semireducible. Most type class instances should be instance-reducible, so consider marking this
definition with `@[instance_reducible]`. If it is intentionally semireducible, this warning can be disabled with `set_option warn.classDefReducibility false`.
== variants: checking against golden (tests/golden/variants/air, then tests/golden/0.17.0/variants/air, then tests/golden/0.17.0/variants/air-darwin) ==
== building Lean ==
⚠ [7/43] Replayed ZigLean.Mem.Enc
warning: ZigLean/Mem/Enc.lean:178:0: Definition `Zig.errorEnc` of class type is semireducible. Most type class instances should be instance-reducible, so consider marking this
definition with `@[instance_reducible]`. If it is intentionally semireducible, this warning can be disabled with `set_option warn.classDefReducibility false`.
warning: ZigLean/Mem/Enc.lean:189:0: Definition `Zig.optionalErrorEnc` of class type is semireducible. Most type class instances should be instance-reducible, so consider marking this
definition with `@[instance_reducible]`. If it is intentionally semireducible, this warning can be disabled with `set_option warn.classDefReducibility false`.
warning: ZigLean/Mem/Enc.lean:221:0: Definition `Zig.Enc.optionWith` of class type is semireducible. Most type class instances should be instance-reducible, so consider marking this
definition with `@[instance_reducible]`. If it is intentionally semireducible, this warning can be disabled with `set_option warn.classDefReducibility false`.
warning: ZigLean/Mem/Enc.lean:226:0: Definition `Zig.Enc.vectorWith` of class type is semireducible. Most type class instances should be instance-reducible, so consider marking this
definition with `@[instance_reducible]`. If it is intentionally semireducible, this warning can be disabled with `set_option warn.classDefReducibility false`.
warning: ZigLean/Mem/Enc.lean:257:0: Definition `Zig.Enc.errorUnionWith` of class type is semireducible. Most type class instances should be instance-reducible, so consider marking this
definition with `@[instance_reducible]`. If it is intentionally semireducible, this warning can be disabled with `set_option warn.classDefReducibility false`.
warning: ZigLean/Mem/Enc.lean:262:0: Definition `Zig.errorUnionEnc` of class type is semireducible. Most type class instances should be instance-reducible, so consider marking this
definition with `@[instance_reducible]`. If it is intentionally semireducible, this warning can be disabled with `set_option warn.classDefReducibility false`.
⚠ [10/43] Replayed ZigLean.Permutation
warning: ZigLean/Permutation.lean:35:52: `dif_pos` has been deprecated: Use `dite_eq_left` instead
⚠ [13/43] Replayed ZigLean.Mem.Thread
warning: ZigLean/Mem/Thread.lean:172:24: Variable name `ord` is not explicitly referenced.

Hint: The binding can be removed (if unused) or named `_` (if used implicitly). Alternatively, prefix the name with `_` to silence this warning:
  [apply] _ord

Note: This linter can be disabled with `set_option linter.unusedVariables false`
warning: ZigLean/Mem/Thread.lean:193:25: Variable name `ord` is not explicitly referenced.

Hint: The binding can be removed (if unused) or named `_` (if used implicitly). Alternatively, prefix the name with `_` to silence this warning:
  [apply] _ord

Note: This linter can be disabled with `set_option linter.unusedVariables false`
warning: ZigLean/Mem/Thread.lean:293:24: Variable name `succ` is not explicitly referenced.

Hint: The binding can be removed (if unused) or named `_` (if used implicitly). Alternatively, prefix the name with `_` to silence this warning:
  [apply] _succ

Note: This linter can be disabled with `set_option linter.unusedVariables false`
warning: ZigLean/Mem/Thread.lean:346:28: Variable name `succ` is not explicitly referenced.

Hint: The binding can be removed (if unused) or named `_` (if used implicitly). Alternatively, prefix the name with `_` to silence this warning:
  [apply] _succ

Note: This linter can be disabled with `set_option linter.unusedVariables false`
⚠ [16/43] Replayed ZigLean.Conc.Spawn
warning: ZigLean/Conc/Spawn.lean:86:38: `if_pos` has been deprecated: Use `ite_eq_left` instead
warning: ZigLean/Conc/Spawn.lean:89:38: `if_neg` has been deprecated: Use `ite_eq_right` instead
⚠ [24/43] Replayed ZigLean.Mem.Lemmas
warning: ZigLean/Mem/Lemmas.lean:622:8: This simp argument is unused:
  h

Hint: Omit it from the simp argument list.
  [apply] simp [hm, errOfBytes_errBytes, bind, pure, ExceptT.bind, ExceptT.pure, ExceptT.mk, ExceptT.bindCont]

Note: This linter can be disabled with `set_option linter.unusedSimpArgs false`
warning: ZigLean/Mem/Lemmas.lean:642:10: This simp argument is unused:
  h x rfl

Hint: Omit it from the simp argument list.
  [apply] simp [hm, errOfBytes_errBytes, bind, pure, ExceptT.bind, ExceptT.pure, ExceptT.mk, ExceptT.bindCont]

Note: This linter can be disabled with `set_option linter.unusedSimpArgs false`
warning: ZigLean/Mem/Lemmas.lean:649:55: This simp argument is unused:
  e.property

Hint: Omit it from the simp argument list.
  [apply] simp [Enc.encode, Enc.decode, errOfBytes_errBytes, hm, bind, pure, ExceptT.bind, ExceptT.pure, ExceptT.mk,
    ExceptT.bindCont]

Note: This linter can be disabled with `set_option linter.unusedSimpArgs false`
warning: ZigLean/Mem/Lemmas.lean:660:57: This simp argument is unused:
  x.property

Hint: Omit it from the simp argument list.
  [apply] simp [Enc.encode, Enc.decode, errOfBytes_errBytes, hm, bind, pure, ExceptT.bind, ExceptT.pure, ExceptT.mk,
    ExceptT.bindCont]

Note: This linter can be disabled with `set_option linter.unusedSimpArgs false`
⚠ [25/43] Replayed ZigLean.Conc.Lemmas
warning: ZigLean/Conc/Lemmas.lean:1509:61: This simp argument is unused:
  Option.bind_some

Hint: Omit it from the simp argument list.
  [apply] simp only [casMarkWrite, zig_unfold, ha, ExceptT.bindCont]

Note: This linter can be disabled with `set_option linter.unusedSimpArgs false`
✔ [43/43] Built Proofs.Variants.Gen (2.6s)
Build completed successfully (43 jobs).
== differential testing ==
== building zig harnesses ==
== building libm ==
== libm self-check ==
libm self-check: 320/320 matched, 0 mismatched
== building asm archive ==
== building + running lean side ==
⚠ [8/50] Replayed ZigLean.Mem.Enc
warning: ZigLean/Mem/Enc.lean:178:0: Definition `Zig.errorEnc` of class type is semireducible. Most type class instances should be instance-reducible, so consider marking this
definition with `@[instance_reducible]`. If it is intentionally semireducible, this warning can be disabled with `set_option warn.classDefReducibility false`.
warning: ZigLean/Mem/Enc.lean:189:0: Definition `Zig.optionalErrorEnc` of class type is semireducible. Most type class instances should be instance-reducible, so consider marking this
definition with `@[instance_reducible]`. If it is intentionally semireducible, this warning can be disabled with `set_option warn.classDefReducibility false`.
warning: ZigLean/Mem/Enc.lean:221:0: Definition `Zig.Enc.optionWith` of class type is semireducible. Most type class instances should be instance-reducible, so consider marking this
definition with `@[instance_reducible]`. If it is intentionally semireducible, this warning can be disabled with `set_option warn.classDefReducibility false`.
warning: ZigLean/Mem/Enc.lean:226:0: Definition `Zig.Enc.vectorWith` of class type is semireducible. Most type class instances should be instance-reducible, so consider marking this
definition with `@[instance_reducible]`. If it is intentionally semireducible, this warning can be disabled with `set_option warn.classDefReducibility false`.
warning: ZigLean/Mem/Enc.lean:257:0: Definition `Zig.Enc.errorUnionWith` of class type is semireducible. Most type class instances should be instance-reducible, so consider marking this
definition with `@[instance_reducible]`. If it is intentionally semireducible, this warning can be disabled with `set_option warn.classDefReducibility false`.
warning: ZigLean/Mem/Enc.lean:262:0: Definition `Zig.errorUnionEnc` of class type is semireducible. Most type class instances should be instance-reducible, so consider marking this
definition with `@[instance_reducible]`. If it is intentionally semireducible, this warning can be disabled with `set_option warn.classDefReducibility false`.
⚠ [11/50] Replayed ZigLean.Permutation
warning: ZigLean/Permutation.lean:35:52: `dif_pos` has been deprecated: Use `dite_eq_left` instead
⚠ [14/50] Replayed ZigLean.Mem.Thread
warning: ZigLean/Mem/Thread.lean:172:24: Variable name `ord` is not explicitly referenced.

Hint: The binding can be removed (if unused) or named `_` (if used implicitly). Alternatively, prefix the name with `_` to silence this warning:
  [apply] _ord

Note: This linter can be disabled with `set_option linter.unusedVariables false`
warning: ZigLean/Mem/Thread.lean:193:25: Variable name `ord` is not explicitly referenced.

Hint: The binding can be removed (if unused) or named `_` (if used implicitly). Alternatively, prefix the name with `_` to silence this warning:
  [apply] _ord

Note: This linter can be disabled with `set_option linter.unusedVariables false`
warning: ZigLean/Mem/Thread.lean:293:24: Variable name `succ` is not explicitly referenced.

Hint: The binding can be removed (if unused) or named `_` (if used implicitly). Alternatively, prefix the name with `_` to silence this warning:
  [apply] _succ

Note: This linter can be disabled with `set_option linter.unusedVariables false`
warning: ZigLean/Mem/Thread.lean:346:28: Variable name `succ` is not explicitly referenced.

Hint: The binding can be removed (if unused) or named `_` (if used implicitly). Alternatively, prefix the name with `_` to silence this warning:
  [apply] _succ

Note: This linter can be disabled with `set_option linter.unusedVariables false`
⚠ [17/50] Replayed ZigLean.Conc.Spawn
warning: ZigLean/Conc/Spawn.lean:86:38: `if_pos` has been deprecated: Use `ite_eq_left` instead
warning: ZigLean/Conc/Spawn.lean:89:38: `if_neg` has been deprecated: Use `ite_eq_right` instead
⚠ [25/50] Replayed ZigLean.Mem.Lemmas
warning: ZigLean/Mem/Lemmas.lean:622:8: This simp argument is unused:
  h

Hint: Omit it from the simp argument list.
  [apply] simp [hm, errOfBytes_errBytes, bind, pure, ExceptT.bind, ExceptT.pure, ExceptT.mk, ExceptT.bindCont]

Note: This linter can be disabled with `set_option linter.unusedSimpArgs false`
warning: ZigLean/Mem/Lemmas.lean:642:10: This simp argument is unused:
  h x rfl

Hint: Omit it from the simp argument list.
  [apply] simp [hm, errOfBytes_errBytes, bind, pure, ExceptT.bind, ExceptT.pure, ExceptT.mk, ExceptT.bindCont]

Note: This linter can be disabled with `set_option linter.unusedSimpArgs false`
warning: ZigLean/Mem/Lemmas.lean:649:55: This simp argument is unused:
  e.property

Hint: Omit it from the simp argument list.
  [apply] simp [Enc.encode, Enc.decode, errOfBytes_errBytes, hm, bind, pure, ExceptT.bind, ExceptT.pure, ExceptT.mk,
    ExceptT.bindCont]

Note: This linter can be disabled with `set_option linter.unusedSimpArgs false`
warning: ZigLean/Mem/Lemmas.lean:660:57: This simp argument is unused:
  x.property

Hint: Omit it from the simp argument list.
  [apply] simp [Enc.encode, Enc.decode, errOfBytes_errBytes, hm, bind, pure, ExceptT.bind, ExceptT.pure, ExceptT.mk,
    ExceptT.bindCont]

Note: This linter can be disabled with `set_option linter.unusedSimpArgs false`
⚠ [26/50] Replayed ZigLean.Conc.Lemmas
warning: ZigLean/Conc/Lemmas.lean:1509:61: This simp argument is unused:
  Option.bind_some

Hint: Omit it from the simp argument list.
  [apply] simp only [casMarkWrite, zig_unfold, ha, ExceptT.bindCont]

Note: This linter can be disabled with `set_option linter.unusedSimpArgs false`
✔ [46/51] Built Proofs.Threads.Gen (2.3s)
⚠ [47/51] Replayed Proofs.Threadsync.Gen
warning: Proofs/Threadsync/Gen.lean:352:10: Variable name `i12` is not explicitly referenced.

Hint: The binding can be removed (if unused) or named `_` (if used implicitly). Alternatively, prefix the name with `_` to silence this warning:
  [apply] _i12

Note: This linter can be disabled with `set_option linter.unusedVariables false`
warning: Proofs/Threadsync/Gen.lean:363:14: Variable name `v14` is not explicitly referenced.

Hint: The binding can be removed (if unused) or named `_` (if used implicitly). Alternatively, prefix the name with `_` to silence this warning:
  [apply] _v14

Note: This linter can be disabled with `set_option linter.unusedVariables false`
✔ [51/139] Built Concurrent (675ms)
⚠ [137/139] Built Diff (1.8s)
warning: Diff.lean:100:17: declaration uses `sorry`
warning: Diff.lean:101:17: declaration uses `sorry`
warning: Diff.lean:102:17: declaration uses `sorry`
warning: Diff.lean:103:17: declaration uses `sorry`
✔ [139/139] Built difftest:exe (1.1s)
Build completed successfully (139 jobs).
schedule search regressions passed
== comparing ==
variants.advance: ok=300 fail_match=0 unspecified=0 capped=0 mismatch=0 (of 300)
variants.area: ok=287 fail_match=13 unspecified=0 capped=0 mismatch=0 (of 300)
variants.codeOf: ok=256 fail_match=0 unspecified=0 capped=0 mismatch=0 (of 256)
variants.isRound: ok=300 fail_match=0 unspecified=0 capped=0 mismatch=0 (of 300)
variants.isUrgent: ok=3 fail_match=0 unspecified=0 capped=0 mismatch=0 (of 3)
variants.lightOf: ok=3 fail_match=253 unspecified=0 capped=0 mismatch=0 (of 256)
variants.next: ok=3 fail_match=0 unspecified=0 capped=0 mismatch=0 (of 3)
variants.prioValue: ok=3 fail_match=0 unspecified=0 capped=0 mismatch=0 (of 3)
variants.radius: ok=63 fail_match=237 unspecified=0 capped=0 mismatch=0 (of 300)
variants.scale: ok=133 fail_match=167 unspecified=0 capped=0 mismatch=0 (of 300)
variants.severity: ok=256 fail_match=0 unspecified=0 capped=0 mismatch=0 (of 256)
variants.totalArea: ok=230 fail_match=70 unspecified=0 capped=0 mismatch=0 (of 300)
TOTAL variants: ok=1837 fail_match=740 unspecified=0 capped=0 mismatch=0
TOTAL: ok=1837 fail_match=740 unspecified=0 capped=0 mismatch=0
SCHEDULES: observed searched=0 unsearched=2577 runs=0 witness=0 exhausted=0 bounded=0 capped=0 fuel=[] cap=[] | enumeration receipts=0 runs=0 complete=0 truncated=0 replay_seeds=0 replays=0 fuel=[] node_cap=[] prefix_cap=[] | correspondence_scopes=12 capped_scopes=0 reduction=none qualified=false
