== vectors: dumping AIR ==
== vectors: validating profiles and translating to Lean ==
⚠ [22/70] Replayed ZigLean.Mem.Enc
warning: ZigLean/Mem/Enc.lean:183:0: Definition `Zig.errorEnc` of class type is semireducible. Most type class instances should be instance-reducible, so consider marking this
definition with `@[instance_reducible]`. If it is intentionally semireducible, this warning can be disabled with `set_option warn.classDefReducibility false`.
warning: ZigLean/Mem/Enc.lean:194:0: Definition `Zig.optionalErrorEnc` of class type is semireducible. Most type class instances should be instance-reducible, so consider marking this
definition with `@[instance_reducible]`. If it is intentionally semireducible, this warning can be disabled with `set_option warn.classDefReducibility false`.
warning: ZigLean/Mem/Enc.lean:226:0: Definition `Zig.Enc.optionWith` of class type is semireducible. Most type class instances should be instance-reducible, so consider marking this
definition with `@[instance_reducible]`. If it is intentionally semireducible, this warning can be disabled with `set_option warn.classDefReducibility false`.
warning: ZigLean/Mem/Enc.lean:231:0: Definition `Zig.Enc.vectorWith` of class type is semireducible. Most type class instances should be instance-reducible, so consider marking this
definition with `@[instance_reducible]`. If it is intentionally semireducible, this warning can be disabled with `set_option warn.classDefReducibility false`.
warning: ZigLean/Mem/Enc.lean:262:0: Definition `Zig.Enc.errorUnionWith` of class type is semireducible. Most type class instances should be instance-reducible, so consider marking this
definition with `@[instance_reducible]`. If it is intentionally semireducible, this warning can be disabled with `set_option warn.classDefReducibility false`.
warning: ZigLean/Mem/Enc.lean:267:0: Definition `Zig.errorUnionEnc` of class type is semireducible. Most type class instances should be instance-reducible, so consider marking this
definition with `@[instance_reducible]`. If it is intentionally semireducible, this warning can be disabled with `set_option warn.classDefReducibility false`.
⚠ [23/70] Replayed ZigLean.Mem.ErrWidth
warning: ZigLean/Mem/ErrWidth.lean:69:0: Definition `Zig.errorEncW` of class type is semireducible. Most type class instances should be instance-reducible, so consider marking this
definition with `@[instance_reducible]`. If it is intentionally semireducible, this warning can be disabled with `set_option warn.classDefReducibility false`.
warning: ZigLean/Mem/ErrWidth.lean:80:0: Definition `Zig.optionalErrorEncW` of class type is semireducible. Most type class instances should be instance-reducible, so consider marking this
definition with `@[instance_reducible]`. If it is intentionally semireducible, this warning can be disabled with `set_option warn.classDefReducibility false`.
warning: ZigLean/Mem/ErrWidth.lean:117:0: Definition `Zig.Enc.errorUnionWithW` of class type is semireducible. Most type class instances should be instance-reducible, so consider marking this
definition with `@[instance_reducible]`. If it is intentionally semireducible, this warning can be disabled with `set_option warn.classDefReducibility false`.
warning: ZigLean/Mem/ErrWidth.lean:134:0: Definition `Zig.errorUnionEncW` of class type is semireducible. Most type class instances should be instance-reducible, so consider marking this
definition with `@[instance_reducible]`. If it is intentionally semireducible, this warning can be disabled with `set_option warn.classDefReducibility false`.
⚠ [34/70] Replayed Air2Lean.Certificate
warning: Air2Lean/Certificate.lean:525:45: `String.trimLeft` has been deprecated: Use `String.trimAsciiStart` instead

Note: The updated constant has a different type:
  String → String.Slice
instead of
  String → String
== vectors: checking against golden (tests/golden/vectors/air, then tests/golden/0.17.0/vectors/air, then tests/golden/0.17.0/vectors/air-darwin) ==
== building Lean ==
⚠ [8/56] Replayed ZigLean.Mem.Enc
warning: ZigLean/Mem/Enc.lean:183:0: Definition `Zig.errorEnc` of class type is semireducible. Most type class instances should be instance-reducible, so consider marking this
definition with `@[instance_reducible]`. If it is intentionally semireducible, this warning can be disabled with `set_option warn.classDefReducibility false`.
warning: ZigLean/Mem/Enc.lean:194:0: Definition `Zig.optionalErrorEnc` of class type is semireducible. Most type class instances should be instance-reducible, so consider marking this
definition with `@[instance_reducible]`. If it is intentionally semireducible, this warning can be disabled with `set_option warn.classDefReducibility false`.
warning: ZigLean/Mem/Enc.lean:226:0: Definition `Zig.Enc.optionWith` of class type is semireducible. Most type class instances should be instance-reducible, so consider marking this
definition with `@[instance_reducible]`. If it is intentionally semireducible, this warning can be disabled with `set_option warn.classDefReducibility false`.
warning: ZigLean/Mem/Enc.lean:231:0: Definition `Zig.Enc.vectorWith` of class type is semireducible. Most type class instances should be instance-reducible, so consider marking this
definition with `@[instance_reducible]`. If it is intentionally semireducible, this warning can be disabled with `set_option warn.classDefReducibility false`.
warning: ZigLean/Mem/Enc.lean:262:0: Definition `Zig.Enc.errorUnionWith` of class type is semireducible. Most type class instances should be instance-reducible, so consider marking this
definition with `@[instance_reducible]`. If it is intentionally semireducible, this warning can be disabled with `set_option warn.classDefReducibility false`.
warning: ZigLean/Mem/Enc.lean:267:0: Definition `Zig.errorUnionEnc` of class type is semireducible. Most type class instances should be instance-reducible, so consider marking this
definition with `@[instance_reducible]`. If it is intentionally semireducible, this warning can be disabled with `set_option warn.classDefReducibility false`.
⚠ [11/56] Replayed ZigLean.Permutation
warning: ZigLean/Permutation.lean:35:52: `dif_pos` has been deprecated: Use `dite_eq_left` instead
⚠ [14/56] Replayed ZigLean.Mem.Thread
warning: ZigLean/Mem/Thread.lean:172:24: Variable name `ord` is not explicitly referenced.

Hint: The binding can be removed (if unused) or named `_` (if used implicitly). Alternatively, prefix the name with `_` to silence this warning:
  [apply] _ord

Note: This linter can be disabled with `set_option linter.unusedVariables false`
warning: ZigLean/Mem/Thread.lean:193:25: Variable name `ord` is not explicitly referenced.

Hint: The binding can be removed (if unused) or named `_` (if used implicitly). Alternatively, prefix the name with `_` to silence this warning:
  [apply] _ord

Note: This linter can be disabled with `set_option linter.unusedVariables false`
warning: ZigLean/Mem/Thread.lean:293:24: Variable name `succ` is not explicitly referenced.

Hint: The binding can be removed (if unused) or named `_` (if used implicitly). Alternatively, prefix the name with `_` to silence this warning:
  [apply] _succ

Note: This linter can be disabled with `set_option linter.unusedVariables false`
warning: ZigLean/Mem/Thread.lean:346:28: Variable name `succ` is not explicitly referenced.

Hint: The binding can be removed (if unused) or named `_` (if used implicitly). Alternatively, prefix the name with `_` to silence this warning:
  [apply] _succ

Note: This linter can be disabled with `set_option linter.unusedVariables false`
⚠ [19/56] Replayed ZigLean.Conc.Spawn
warning: ZigLean/Conc/Spawn.lean:123:38: `if_pos` has been deprecated: Use `ite_eq_left` instead
warning: ZigLean/Conc/Spawn.lean:126:38: `if_neg` has been deprecated: Use `ite_eq_right` instead
⚠ [20/56] Replayed ZigLean.Conc.Future
warning: ZigLean/Conc/Future.lean:207:33: `if_pos` has been deprecated: Use `ite_eq_left` instead
warning: ZigLean/Conc/Future.lean:210:32: `if_neg` has been deprecated: Use `ite_eq_right` instead
⚠ [28/56] Replayed ZigLean.Mem.Lemmas
warning: ZigLean/Mem/Lemmas.lean:622:8: This simp argument is unused:
  h

Hint: Omit it from the simp argument list.
  [apply] simp [hm, errOfBytes_errBytes, bind, pure, ExceptT.bind, ExceptT.pure, ExceptT.mk, ExceptT.bindCont]

Note: This linter can be disabled with `set_option linter.unusedSimpArgs false`
warning: ZigLean/Mem/Lemmas.lean:642:10: This simp argument is unused:
  h x rfl

Hint: Omit it from the simp argument list.
  [apply] simp [hm, errOfBytes_errBytes, bind, pure, ExceptT.bind, ExceptT.pure, ExceptT.mk, ExceptT.bindCont]

Note: This linter can be disabled with `set_option linter.unusedSimpArgs false`
warning: ZigLean/Mem/Lemmas.lean:649:55: This simp argument is unused:
  e.property

Hint: Omit it from the simp argument list.
  [apply] simp [Enc.encode, Enc.decode, errOfBytes_errBytes, hm, bind, pure, ExceptT.bind, ExceptT.pure, ExceptT.mk,
    ExceptT.bindCont]

Note: This linter can be disabled with `set_option linter.unusedSimpArgs false`
warning: ZigLean/Mem/Lemmas.lean:660:57: This simp argument is unused:
  x.property

Hint: Omit it from the simp argument list.
  [apply] simp [Enc.encode, Enc.decode, errOfBytes_errBytes, hm, bind, pure, ExceptT.bind, ExceptT.pure, ExceptT.mk,
    ExceptT.bindCont]

Note: This linter can be disabled with `set_option linter.unusedSimpArgs false`
⚠ [29/56] Replayed ZigLean.Conc.Lemmas
warning: ZigLean/Conc/Lemmas.lean:1531:61: This simp argument is unused:
  Option.bind_some

Hint: Omit it from the simp argument list.
  [apply] simp only [casMarkWrite, zig_unfold, ha, ExceptT.bindCont]

Note: This linter can be disabled with `set_option linter.unusedSimpArgs false`
⚠ [41/56] Replayed ZigLean.Mem.Null
warning: ZigLean/Mem/Null.lean:32:0: Definition `Zig.nullablePtrEnc` of class type is semireducible. Most type class instances should be instance-reducible, so consider marking this
definition with `@[instance_reducible]`. If it is intentionally semireducible, this warning can be disabled with `set_option warn.classDefReducibility false`.
⚠ [42/56] Replayed ZigLean.Mem.ErrWidth
warning: ZigLean/Mem/ErrWidth.lean:69:0: Definition `Zig.errorEncW` of class type is semireducible. Most type class instances should be instance-reducible, so consider marking this
definition with `@[instance_reducible]`. If it is intentionally semireducible, this warning can be disabled with `set_option warn.classDefReducibility false`.
warning: ZigLean/Mem/ErrWidth.lean:80:0: Definition `Zig.optionalErrorEncW` of class type is semireducible. Most type class instances should be instance-reducible, so consider marking this
definition with `@[instance_reducible]`. If it is intentionally semireducible, this warning can be disabled with `set_option warn.classDefReducibility false`.
warning: ZigLean/Mem/ErrWidth.lean:117:0: Definition `Zig.Enc.errorUnionWithW` of class type is semireducible. Most type class instances should be instance-reducible, so consider marking this
definition with `@[instance_reducible]`. If it is intentionally semireducible, this warning can be disabled with `set_option warn.classDefReducibility false`.
warning: ZigLean/Mem/ErrWidth.lean:134:0: Definition `Zig.errorUnionEncW` of class type is semireducible. Most type class instances should be instance-reducible, so consider marking this
definition with `@[instance_reducible]`. If it is intentionally semireducible, this warning can be disabled with `set_option warn.classDefReducibility false`.
✔ [56/56] Built Proofs.Vectors.Gen (785ms)
Build completed successfully (56 jobs).
== differential testing ==
== building zig harnesses ==
== building libm ==
== libm self-check ==
libm self-check: 320/320 matched, 0 mismatched
== building asm archive ==
== building + running lean side ==
⚠ [9/77] Replayed ZigLean.Mem.Enc
warning: ZigLean/Mem/Enc.lean:183:0: Definition `Zig.errorEnc` of class type is semireducible. Most type class instances should be instance-reducible, so consider marking this
definition with `@[instance_reducible]`. If it is intentionally semireducible, this warning can be disabled with `set_option warn.classDefReducibility false`.
warning: ZigLean/Mem/Enc.lean:194:0: Definition `Zig.optionalErrorEnc` of class type is semireducible. Most type class instances should be instance-reducible, so consider marking this
definition with `@[instance_reducible]`. If it is intentionally semireducible, this warning can be disabled with `set_option warn.classDefReducibility false`.
warning: ZigLean/Mem/Enc.lean:226:0: Definition `Zig.Enc.optionWith` of class type is semireducible. Most type class instances should be instance-reducible, so consider marking this
definition with `@[instance_reducible]`. If it is intentionally semireducible, this warning can be disabled with `set_option warn.classDefReducibility false`.
warning: ZigLean/Mem/Enc.lean:231:0: Definition `Zig.Enc.vectorWith` of class type is semireducible. Most type class instances should be instance-reducible, so consider marking this
definition with `@[instance_reducible]`. If it is intentionally semireducible, this warning can be disabled with `set_option warn.classDefReducibility false`.
warning: ZigLean/Mem/Enc.lean:262:0: Definition `Zig.Enc.errorUnionWith` of class type is semireducible. Most type class instances should be instance-reducible, so consider marking this
definition with `@[instance_reducible]`. If it is intentionally semireducible, this warning can be disabled with `set_option warn.classDefReducibility false`.
warning: ZigLean/Mem/Enc.lean:267:0: Definition `Zig.errorUnionEnc` of class type is semireducible. Most type class instances should be instance-reducible, so consider marking this
definition with `@[instance_reducible]`. If it is intentionally semireducible, this warning can be disabled with `set_option warn.classDefReducibility false`.
⚠ [12/77] Replayed ZigLean.Permutation
warning: ZigLean/Permutation.lean:35:52: `dif_pos` has been deprecated: Use `dite_eq_left` instead
⚠ [15/77] Replayed ZigLean.Mem.Thread
warning: ZigLean/Mem/Thread.lean:172:24: Variable name `ord` is not explicitly referenced.

Hint: The binding can be removed (if unused) or named `_` (if used implicitly). Alternatively, prefix the name with `_` to silence this warning:
  [apply] _ord

Note: This linter can be disabled with `set_option linter.unusedVariables false`
warning: ZigLean/Mem/Thread.lean:193:25: Variable name `ord` is not explicitly referenced.

Hint: The binding can be removed (if unused) or named `_` (if used implicitly). Alternatively, prefix the name with `_` to silence this warning:
  [apply] _ord

Note: This linter can be disabled with `set_option linter.unusedVariables false`
warning: ZigLean/Mem/Thread.lean:293:24: Variable name `succ` is not explicitly referenced.

Hint: The binding can be removed (if unused) or named `_` (if used implicitly). Alternatively, prefix the name with `_` to silence this warning:
  [apply] _succ

Note: This linter can be disabled with `set_option linter.unusedVariables false`
warning: ZigLean/Mem/Thread.lean:346:28: Variable name `succ` is not explicitly referenced.

Hint: The binding can be removed (if unused) or named `_` (if used implicitly). Alternatively, prefix the name with `_` to silence this warning:
  [apply] _succ

Note: This linter can be disabled with `set_option linter.unusedVariables false`
⚠ [20/77] Replayed ZigLean.Conc.Spawn
warning: ZigLean/Conc/Spawn.lean:123:38: `if_pos` has been deprecated: Use `ite_eq_left` instead
warning: ZigLean/Conc/Spawn.lean:126:38: `if_neg` has been deprecated: Use `ite_eq_right` instead
⚠ [21/77] Replayed ZigLean.Conc.Future
warning: ZigLean/Conc/Future.lean:207:33: `if_pos` has been deprecated: Use `ite_eq_left` instead
warning: ZigLean/Conc/Future.lean:210:32: `if_neg` has been deprecated: Use `ite_eq_right` instead
⚠ [29/77] Replayed ZigLean.Mem.Lemmas
warning: ZigLean/Mem/Lemmas.lean:622:8: This simp argument is unused:
  h

Hint: Omit it from the simp argument list.
  [apply] simp [hm, errOfBytes_errBytes, bind, pure, ExceptT.bind, ExceptT.pure, ExceptT.mk, ExceptT.bindCont]

Note: This linter can be disabled with `set_option linter.unusedSimpArgs false`
warning: ZigLean/Mem/Lemmas.lean:642:10: This simp argument is unused:
  h x rfl

Hint: Omit it from the simp argument list.
  [apply] simp [hm, errOfBytes_errBytes, bind, pure, ExceptT.bind, ExceptT.pure, ExceptT.mk, ExceptT.bindCont]

Note: This linter can be disabled with `set_option linter.unusedSimpArgs false`
warning: ZigLean/Mem/Lemmas.lean:649:55: This simp argument is unused:
  e.property

Hint: Omit it from the simp argument list.
  [apply] simp [Enc.encode, Enc.decode, errOfBytes_errBytes, hm, bind, pure, ExceptT.bind, ExceptT.pure, ExceptT.mk,
    ExceptT.bindCont]

Note: This linter can be disabled with `set_option linter.unusedSimpArgs false`
warning: ZigLean/Mem/Lemmas.lean:660:57: This simp argument is unused:
  x.property

Hint: Omit it from the simp argument list.
  [apply] simp [Enc.encode, Enc.decode, errOfBytes_errBytes, hm, bind, pure, ExceptT.bind, ExceptT.pure, ExceptT.mk,
    ExceptT.bindCont]

Note: This linter can be disabled with `set_option linter.unusedSimpArgs false`
⚠ [30/77] Replayed ZigLean.Conc.Lemmas
warning: ZigLean/Conc/Lemmas.lean:1531:61: This simp argument is unused:
  Option.bind_some

Hint: Omit it from the simp argument list.
  [apply] simp only [casMarkWrite, zig_unfold, ha, ExceptT.bindCont]

Note: This linter can be disabled with `set_option linter.unusedSimpArgs false`
⚠ [42/77] Replayed ZigLean.Mem.Null
warning: ZigLean/Mem/Null.lean:32:0: Definition `Zig.nullablePtrEnc` of class type is semireducible. Most type class instances should be instance-reducible, so consider marking this
definition with `@[instance_reducible]`. If it is intentionally semireducible, this warning can be disabled with `set_option warn.classDefReducibility false`.
⚠ [43/77] Replayed ZigLean.Mem.ErrWidth
warning: ZigLean/Mem/ErrWidth.lean:69:0: Definition `Zig.errorEncW` of class type is semireducible. Most type class instances should be instance-reducible, so consider marking this
definition with `@[instance_reducible]`. If it is intentionally semireducible, this warning can be disabled with `set_option warn.classDefReducibility false`.
warning: ZigLean/Mem/ErrWidth.lean:80:0: Definition `Zig.optionalErrorEncW` of class type is semireducible. Most type class instances should be instance-reducible, so consider marking this
definition with `@[instance_reducible]`. If it is intentionally semireducible, this warning can be disabled with `set_option warn.classDefReducibility false`.
warning: ZigLean/Mem/ErrWidth.lean:117:0: Definition `Zig.Enc.errorUnionWithW` of class type is semireducible. Most type class instances should be instance-reducible, so consider marking this
definition with `@[instance_reducible]`. If it is intentionally semireducible, this warning can be disabled with `set_option warn.classDefReducibility false`.
warning: ZigLean/Mem/ErrWidth.lean:134:0: Definition `Zig.errorUnionEncW` of class type is semireducible. Most type class instances should be instance-reducible, so consider marking this
definition with `@[instance_reducible]`. If it is intentionally semireducible, this warning can be disabled with `set_option warn.classDefReducibility false`.
⚠ [60/77] Replayed Proofs.Threadsync.Gen
warning: Proofs/Threadsync/Gen.lean:352:10: Variable name `i12` is not explicitly referenced.

Hint: The binding can be removed (if unused) or named `_` (if used implicitly). Alternatively, prefix the name with `_` to silence this warning:
  [apply] _i12

Note: This linter can be disabled with `set_option linter.unusedVariables false`
warning: Proofs/Threadsync/Gen.lean:363:14: Variable name `v14` is not explicitly referenced.

Hint: The binding can be removed (if unused) or named `_` (if used implicitly). Alternatively, prefix the name with `_` to silence this warning:
  [apply] _v14

Note: This linter can be disabled with `set_option linter.unusedVariables false`
✔ [76/165] Built Proofs.Variants.Gen (874ms)
⚠ [163/165] Built Diff (1.3s)
warning: Diff.lean:100:17: declaration uses `sorry`
warning: Diff.lean:101:17: declaration uses `sorry`
warning: Diff.lean:102:17: declaration uses `sorry`
warning: Diff.lean:103:17: declaration uses `sorry`
✔ [165/165] Built difftest:exe (1.1s)
Build completed successfully (165 jobs).
schedule search regressions passed
== comparing ==
vectors.andLanes: ok=300 fail_match=0 unspecified=0 capped=0 mismatch=0 (of 300)
vectors.checkedAdd: ok=32 fail_match=268 unspecified=0 capped=0 mismatch=0 (of 300)
vectors.fDot: ok=300 fail_match=0 unspecified=0 capped=0 mismatch=0 (of 300)
vectors.fMax: ok=291 fail_match=0 unspecified=5 capped=0 mismatch=0 host=4 (of 300)
vectors.fMin: ok=294 fail_match=0 unspecified=4 capped=0 mismatch=0 host=2 (of 300)
vectors.interleave: ok=300 fail_match=0 unspecified=0 capped=0 mismatch=0 (of 300)
vectors.maxLane: ok=300 fail_match=0 unspecified=0 capped=0 mismatch=0 (of 300)
vectors.minLane: ok=300 fail_match=0 unspecified=0 capped=0 mismatch=0 (of 300)
vectors.orLanes: ok=300 fail_match=0 unspecified=0 capped=0 mismatch=0 (of 300)
vectors.pick: ok=300 fail_match=0 unspecified=0 capped=0 mismatch=0 (of 300)
vectors.reverse: ok=300 fail_match=0 unspecified=0 capped=0 mismatch=0 (of 300)
vectors.sMod: ok=278 fail_match=21 unspecified=1 capped=0 mismatch=0 (of 300)
vectors.sRem: ok=281 fail_match=18 unspecified=1 capped=0 mismatch=0 (of 300)
vectors.satAdd: ok=300 fail_match=0 unspecified=0 capped=0 mismatch=0 (of 300)
vectors.splatAdd: ok=300 fail_match=0 unspecified=0 capped=0 mismatch=0 (of 300)
vectors.twiceInMem: ok=300 fail_match=0 unspecified=0 capped=0 mismatch=0 (of 300)
vectors.uDotWrap: ok=300 fail_match=0 unspecified=0 capped=0 mismatch=0 (of 300)
vectors.uMinLane: ok=300 fail_match=0 unspecified=0 capped=0 mismatch=0 (of 300)
vectors.vAbs: ok=300 fail_match=0 unspecified=0 capped=0 mismatch=0 (of 300)
vectors.vBits: ok=300 fail_match=0 unspecified=0 capped=0 mismatch=0 (of 300)
vectors.vDiv: ok=270 fail_match=30 unspecified=0 capped=0 mismatch=0 (of 300)
vectors.vLess: ok=300 fail_match=0 unspecified=0 capped=0 mismatch=0 (of 300)
vectors.vMinMax: ok=300 fail_match=0 unspecified=0 capped=0 mismatch=0 (of 300)
vectors.vMod: ok=270 fail_match=26 unspecified=4 capped=0 mismatch=0 (of 300)
vectors.vNarrow: ok=59 fail_match=241 unspecified=0 capped=0 mismatch=0 (of 300)
vectors.vNeg: ok=272 fail_match=28 unspecified=0 capped=0 mismatch=0 (of 300)
vectors.vOverflow: ok=300 fail_match=0 unspecified=0 capped=0 mismatch=0 (of 300)
vectors.vShift: ok=300 fail_match=0 unspecified=0 capped=0 mismatch=0 (of 300)
vectors.vToFloat: ok=300 fail_match=0 unspecified=0 capped=0 mismatch=0 (of 300)
vectors.xorLanes: ok=300 fail_match=0 unspecified=0 capped=0 mismatch=0 (of 300)
TOTAL vectors: ok=8347 fail_match=632 unspecified=15 capped=0 mismatch=0 host=6
TOTAL: ok=8347 fail_match=632 unspecified=15 capped=0 mismatch=0 host=6
note: 6 host-dependent float results differ from the x86_64-linux model (tests/diff/<ex>/host.txt); CI checks them
SCHEDULES: observed searched=0 unsearched=9000 runs=0 witness=0 exhausted=0 bounded=0 capped=0 fuel=[] cap=[] | enumeration receipts=0 runs=0 complete=0 truncated=0 replay_seeds=0 replays=0 fuel=[] node_cap=[] prefix_cap=[] | correspondence_scopes=25 capped_scopes=0 reduction=none qualified=false
